config/Makefile
aes.pyc
SimpleHTTPServer.pyc
pkgutil.pyc
atexit.pyc
htmllib.pyc
__phello__.foo.pyc
bisect.pyc
audiodev.pyc
cmd.pyc
htmlentitydefs.pyc
shlex.pyc
pprint.pyc
getopt.pyc
importlib/__init__.pyc
json/scanner.pyc
json/__init__.pyc
json/decoder.pyc
json/encoder.pyc
json/tool.pyc
profile.pyc
HTMLParser.pyc
multifile.pyc
getpass.pyc
uuid.pyc
wave.pyc
imghdr.pyc
_threading_local.pyc
anydbm.pyc
csv.pyc
tty.pyc
ctypes/macholib/dyld.pyc
ctypes/macholib/__init__.pyc
ctypes/macholib/framework.pyc
ctypes/macholib/dylib.pyc
ctypes/__init__.pyc
ctypes/util.pyc
ctypes/_endian.pyc
ctypes/wintypes.pyc
zipfile.pyc
glob.pyc
pdb.pyc
posixfile.pyc
stringprep.pyc
idlelib/PyShell.pyc
idlelib/RemoteObjectBrowser.pyc
idlelib/ScriptBinding.pyc
idlelib/PyParse.pyc
idlelib/configHelpSourceEdit.pyc
idlelib/configDialog.pyc
idlelib/CodeContext.pyc
idlelib/EditorWindow.pyc
idlelib/RemoteDebugger.pyc
idlelib/WindowList.pyc
idlelib/testcode.pyc
idlelib/idle.pyc
idlelib/ZoomHeight.pyc
idlelib/tabbedpages.pyc
idlelib/SearchDialogBase.pyc
idlelib/OutputWindow.pyc
idlelib/configHandler.pyc
idlelib/WidgetRedirector.pyc
idlelib/FormatParagraph.pyc
idlelib/TreeWidget.pyc
idlelib/ReplaceDialog.pyc
idlelib/IdleHistory.pyc
idlelib/Percolator.pyc
idlelib/SearchDialog.pyc
idlelib/AutoCompleteWindow.pyc
idlelib/__init__.pyc
idlelib/run.pyc
idlelib/CallTips.pyc
idlelib/Debugger.pyc
idlelib/ClassBrowser.pyc
idlelib/SearchEngine.pyc
idlelib/keybindingDialog.pyc
idlelib/rpc.pyc
idlelib/ColorDelegator.pyc
idlelib/MultiStatusBar.pyc
idlelib/GrepDialog.pyc
idlelib/ParenMatch.pyc
idlelib/Delegator.pyc
idlelib/ObjectBrowser.pyc
idlelib/IOBinding.pyc
idlelib/textView.pyc
idlelib/Bindings.pyc
idlelib/PathBrowser.pyc
idlelib/MultiCall.pyc
idlelib/AutoComplete.pyc
idlelib/idlever.pyc
idlelib/StackViewer.pyc
idlelib/dynOptionMenuWidget.pyc
idlelib/CallTipWindow.pyc
idlelib/RstripExtension.pyc
idlelib/FileList.pyc
idlelib/ToolTip.pyc
idlelib/HyperParser.pyc
idlelib/UndoDelegator.pyc
idlelib/configSectionNameDialog.pyc
idlelib/aboutDialog.pyc
idlelib/AutoExpand.pyc
idlelib/ScrolledList.pyc
idlelib/macosxSupport.pyc
UserString.pyc
DocXMLRPCServer.pyc
modulefinder.pyc
linecache.pyc
SocketServer.pyc
pickletools.pyc
hashlib.pyc
functools.pyc
inspect.pyc
repr.pyc
xmlrpclib.pyc
random.pyc
pstats.pyc
mimetypes.pyc
macurl2path.pyc
dbhash.pyc
stringold.pyc
keyword.pyc
codeop.pyc
user.pyc
rfc822.pyc
traceback.pyc
_weakrefset.pyc
sunau.pyc
nntplib.pyc
sndhdr.pyc
macpath.pyc
mimify.pyc
dumbdbm.pyc
sysconfig.pyc
binhex.pyc
sha.pyc
logging/config.pyc
logging/__init__.pyc
logging/handlers.pyc
wsgiref/simple_server.pyc
wsgiref/__init__.pyc
wsgiref/util.pyc
wsgiref/headers.pyc
wsgiref/validate.pyc
wsgiref/handlers.pyc
unittest/main.pyc
unittest/loader.pyc
unittest/suite.pyc
unittest/runner.pyc
unittest/case.pyc
unittest/__init__.pyc
unittest/util.pyc
unittest/__main__.pyc
unittest/signals.pyc
unittest/result.pyc
optparse.pyc
quopri.pyc
pty.pyc
filecmp.pyc
sqlite3/__init__.pyc
sqlite3/dump.pyc
sqlite3/dbapi2.pyc
pydoc_data/topics.pyc
pydoc_data/__init__.pyc
textwrap.pyc
decimal.pyc
fractions.pyc
Bastion.pyc
doctest.pyc
sched.pyc
dis.pyc
codecs.pyc
multiprocessing/sharedctypes.pyc
multiprocessing/managers.pyc
multiprocessing/queues.pyc
multiprocessing/heap.pyc
multiprocessing/synchronize.pyc
multiprocessing/__init__.pyc
multiprocessing/util.pyc
multiprocessing/dummy/__init__.pyc
multiprocessing/dummy/connection.pyc
multiprocessing/process.pyc
multiprocessing/reduction.pyc
multiprocessing/pool.pyc
multiprocessing/forking.pyc
multiprocessing/connection.pyc
SimpleXMLRPCServer.pyc
_strptime.pyc
fileinput.pyc
heapq.pyc
ast.pyc
fpformat.pyc
ftplib.pyc
urllib.pyc
Queue.pyc
stat.pyc
xdrlib.pyc
UserDict.pyc
uu.pyc
sre.pyc
posixpath.pyc
xmllib.pyc
warnings.pyc
poplib.pyc
cookielib.pyc
markupbase.pyc
threading.pyc
difflib.pyc
pyclbr.pyc
__future__.pyc
dummy_thread.pyc
tabnanny.pyc
bsddb/dbobj.pyc
bsddb/db.pyc
bsddb/__init__.pyc
bsddb/dbrecio.pyc
bsddb/dbutils.pyc
bsddb/dbshelve.pyc
bsddb/dbtables.pyc
nturl2path.pyc
hmac.pyc
plat-linux2/TYPES.pyc
plat-linux2/CDROM.pyc
plat-linux2/DLFCN.pyc
plat-linux2/IN.pyc
httplib.pyc
this.pyc
curses/panel.pyc
curses/has_key.pyc
curses/ascii.pyc
curses/__init__.pyc
curses/wrapper.pyc
curses/textpad.pyc
subprocess.pyc
_MozillaCookieJar.pyc
copy.pyc
contextlib.pyc
tempfile.pyc
sre_parse.pyc
shutil.pyc
md5.pyc
aifc.pyc
token.pyc
toaiff.pyc
io.pyc
opcode.pyc
bdb.pyc
mailbox.pyc
runpy.pyc
StringIO.pyc
commands.pyc
antigravity.pyc
popen2.pyc
netrc.pyc
symtable.pyc
asyncore.pyc
_LWPCookieJar.pyc
MimeWriter.pyc
Cookie.pyc
rlcompleter.pyc
locale.pyc
dircache.pyc
genericpath.pyc
mhlib.pyc
CGIHTTPServer.pyc
smtpd.pyc
asynchat.pyc
ntpath.pyc
gettext.pyc
sre_constants.pyc
struct.pyc
robotparser.pyc
mimetools.pyc
_abcoll.pyc
webbrowser.pyc
ConfigParser.pyc
urlparse.pyc
plistlib.pyc
types.pyc
trace.pyc
sets.pyc
BaseHTTPServer.pyc
sre_compile.pyc
re.pyc
telnetlib.pyc
code.pyc
colorsys.pyc
xml/parsers/expat.pyc
xml/parsers/__init__.pyc
xml/sax/expatreader.pyc
xml/sax/xmlreader.pyc
xml/sax/_exceptions.pyc
xml/sax/__init__.pyc
xml/sax/handler.pyc
xml/sax/saxutils.pyc
xml/dom/pulldom.pyc
xml/dom/NodeFilter.pyc
xml/dom/minicompat.pyc
xml/dom/__init__.pyc
xml/dom/expatbuilder.pyc
xml/dom/minidom.pyc
xml/dom/domreg.pyc
xml/dom/xmlbuilder.pyc
xml/etree/__init__.pyc
xml/etree/ElementInclude.pyc
xml/etree/cElementTree.pyc
xml/etree/ElementPath.pyc
xml/etree/ElementTree.pyc
xml/__init__.pyc
os.pyc
copy_reg.pyc
os2emxpath.pyc
imputil.pyc
pickle.pyc
imaplib.pyc
shelve.pyc
weakref.pyc
cgi.pyc
rexec.pyc
tarfile.pyc
chunk.pyc
calendar.pyc
urllib2.pyc
sunaudio.pyc
email/parser.pyc
email/mime/multipart.pyc
email/mime/audio.pyc
email/mime/nonmultipart.pyc
email/mime/__init__.pyc
email/mime/image.pyc
email/mime/message.pyc
email/mime/base.pyc
email/mime/application.pyc
email/mime/text.pyc
email/feedparser.pyc
email/__init__.pyc
email/quoprimime.pyc
email/base64mime.pyc
email/message.pyc
email/utils.pyc
email/errors.pyc
email/iterators.pyc
email/_parseaddr.pyc
email/encoders.pyc
email/generator.pyc
email/header.pyc
email/charset.pyc
UserList.pyc
fnmatch.pyc
symbol.pyc
mailcap.pyc
ssl.pyc
hotshot/stats.pyc
hotshot/__init__.pyc
hotshot/log.pyc
hotshot/stones.pyc
tokenize.pyc
statvfs.pyc
new.pyc
smtplib.pyc
compileall.pyc
collections.pyc
string.pyc
socket.pyc
platform.pyc
pydoc.pyc
sgmllib.pyc
cProfile.pyc
mutex.pyc
abc.pyc
_pyio.pyc
gzip.pyc
ihooks.pyc
timeit.pyc
dummy_threading.pyc
argparse.pyc
whichdb.pyc
site.pyc
py_compile.pyc
pipes.pyc
base64.pyc
formatter.pyc
numbers.pyc
cgitb.pyc
encodings/zlib_codec.pyc
encodings/uu_codec.pyc
encodings/utf_8_sig.pyc
encodings/utf_8.pyc
encodings/utf_7.pyc
encodings/utf_32.pyc
encodings/utf_32_le.pyc
encodings/utf_32_be.pyc
encodings/utf_16.pyc
encodings/utf_16_le.pyc
encodings/utf_16_be.pyc
encodings/unicode_internal.pyc
encodings/unicode_escape.pyc
encodings/undefined.pyc
encodings/tis_620.pyc
encodings/string_escape.pyc
encodings/shift_jisx0213.pyc
encodings/shift_jis.pyc
encodings/shift_jis_2004.pyc
encodings/rot_13.pyc
encodings/raw_unicode_escape.pyc
encodings/quopri_codec.pyc
encodings/punycode.pyc
encodings/ptcp154.pyc
encodings/palmos.pyc
encodings/mbcs.pyc
encodings/mac_turkish.pyc
encodings/mac_roman.pyc
encodings/mac_romanian.pyc
encodings/mac_latin2.pyc
encodings/mac_iceland.pyc
encodings/mac_greek.pyc
encodings/mac_farsi.pyc
encodings/mac_cyrillic.pyc
encodings/mac_croatian.pyc
encodings/mac_centeuro.pyc
encodings/mac_arabic.pyc
encodings/latin_1.pyc
encodings/koi8_u.pyc
encodings/koi8_r.pyc
encodings/johab.pyc
encodings/iso8859_9.pyc
encodings/iso8859_8.pyc
encodings/iso8859_7.pyc
encodings/iso8859_6.pyc
encodings/iso8859_5.pyc
encodings/iso8859_4.pyc
encodings/iso8859_3.pyc
encodings/iso8859_2.pyc
encodings/iso8859_1.pyc
encodings/iso8859_16.pyc
encodings/iso8859_15.pyc
encodings/iso8859_14.pyc
encodings/iso8859_13.pyc
encodings/iso8859_11.pyc
encodings/iso8859_10.pyc
encodings/iso2022_kr.pyc
encodings/iso2022_jp.pyc
encodings/iso2022_jp_ext.pyc
encodings/iso2022_jp_3.pyc
encodings/iso2022_jp_2.pyc
encodings/iso2022_jp_2004.pyc
encodings/iso2022_jp_1.pyc
encodings/__init__.pyc
encodings/idna.pyc
encodings/hz.pyc
encodings/hp_roman8.pyc
encodings/hex_codec.pyc
encodings/gbk.pyc
encodings/gb2312.pyc
encodings/gb18030.pyc
encodings/euc_kr.pyc
encodings/euc_jp.pyc
encodings/euc_jisx0213.pyc
encodings/euc_jis_2004.pyc
encodings/cp950.pyc
encodings/cp949.pyc
encodings/cp932.pyc
encodings/cp875.pyc
encodings/cp874.pyc
encodings/cp869.pyc
encodings/cp866.pyc
encodings/cp865.pyc
encodings/cp864.pyc
encodings/cp863.pyc
encodings/cp862.pyc
encodings/cp861.pyc
encodings/cp860.pyc
encodings/cp858.pyc
encodings/cp857.pyc
encodings/cp856.pyc
encodings/cp855.pyc
encodings/cp852.pyc
encodings/cp850.pyc
encodings/cp775.pyc
encodings/cp737.pyc
encodings/cp720.pyc
encodings/cp500.pyc
encodings/cp437.pyc
encodings/cp424.pyc
encodings/cp1258.pyc
encodings/cp1257.pyc
encodings/cp1256.pyc
encodings/cp1255.pyc
encodings/cp1254.pyc
encodings/cp1253.pyc
encodings/cp1252.pyc
encodings/cp1251.pyc
encodings/cp1250.pyc
encodings/cp1140.pyc
encodings/cp1026.pyc
encodings/cp1006.pyc
encodings/cp037.pyc
encodings/charmap.pyc
encodings/bz2_codec.pyc
encodings/big5.pyc
encodings/big5hkscs.pyc
encodings/base64_codec.pyc
encodings/ascii.pyc
encodings/aliases.pyc
