arraymodule.so
audioop.so
binascii.so
_bisectmodule.so
bsddb185module.so
_bsddb.so
bz2module.so
cmathmodule.so
_codecs_cn.so
_codecs_hk.so
_codecs_iso2022.so
_codecs_jp.so
_codecs_kr.so
_codecs_tw.so
_collectionsmodule.so
cPickle.so
cryptmodule.so
cStringIO.so
_csv.so
_ctypes.so
_ctypes_test.so
_cursesmodule.so
_curses_panel.so
datetimemodule.so
dbm.so
dlmodule.so
_elementtree.so
fcntlmodule.so
_functoolsmodule.so
future_builtins.so
gdbm.so
grpmodule.so
_hashlib.so
_heapq.so
_hotshot.so
imageop.so
_io.so
itertoolsmodule.so
_json.so
linuxaudiodev.so
_localemodule.so
_lsprof.so
mathmodule.so
_md5module.so
mmapmodule.so
_multibytecodecmodule.so
_multiprocessing.so
operator.so
ossaudiodev.so
parsermodule.so
pyexpat.so
Python-2.7.3-py2.7.egg-info
_randommodule.so
readline.so
resource.so
selectmodule.so
_sha256module.so
_sha512module.so
_shamodule.so
_socketmodule.so
spwdmodule.so
_sqlite3.so
_ssl.so
stropmodule.so
_struct.so
syslogmodule.so
termios.so
_testcapi.so
timemodule.so
unicodedata.so
xxsubtype.so
zlibmodule.so
